// Jest Snapshot v1, https://goo.gl/fbAQLP

exports[`Input should render correctly 1`] = `
<div>
  <div
    class="sc-gsnTZi tugAn"
  >
    <div
      class="sc-bczRLJ emMGHK"
    >
      $Â 
      <input
        class="sc-hKMtZM bMwtCL sc-eCYdqJ jdWWWf"
        data-autotest-id="autosize-input"
      />
      <div
        class="sc-dkzDqf cUEhTp"
        data-autotest-id="caret"
      />
    </div>
  </div>
</div>
`;
