// Jest Snapshot v1, https://goo.gl/fbAQLP

exports['AutosizeInput should render correctly 1'] = `
<div>
  <input
    class="sc-bczRLJ ZLNSN"
    data-autotest-id="autosize-input"
  />
</div>
`;
